[CERTIFIED] A1-PRIME p_g = 2^64 − 2^32 + 1 is prime  sympy.isprime; the field property every root argument below rests on
[PROVED  ] A1a IS_BIT(IS_AFFINE) ⇒ a ∈ {0,1}  idx 421; roots over GF(p_g) = [0, 1], split complete: True
[PROVED  ] A1b AffineZeroOnPadding ⇒ µ=0 forces IS_AFFINE=0  idx 422 at µ=0; IS_BIT(MU) roots [0, 1]; 0.01s
[PROVED  ] A1c Ecall tuple injective in IS_AFFINE [repo numbers]  [repo numbers] lo: 4294967285 vs 4294967284; hi: 4294967295 vs 4294967295
[PROVED  ] A1c Ecall tuple injective in IS_AFFINE [equal lo, differing hi (assert fires; still injective)]  [equal lo, differing hi (assert fires; still injective)] lo: 4294967285 vs 4294967285; hi: 1 vs 2
[SAT — FORGES] A1c Ecall tuple injective in IS_AFFINE [identical numbers (degenerate)]  [identical numbers (degenerate)] lo: 4294967285 vs 4294967285; hi: 4294967295 vs 4294967295  ⇒ IS_AFFINE UNCONSTRAINED
[PROVED  ] A1c controls  the degenerate choice un-pins the selector; the repo pair does not
[PROVED  ] A1c assert load-bearing  low word separates modes: True; high word separates modes: False ⇒ execution.rs's low-word assert carries the entire pinning
[PROVED  ] A1d degree bound  max over new constraints = 3 == declared max_degree 3
[SAT — FORGES] A1e control [drop idx 422] padding row with IS_AFFINE=1  all 423 constraints walked: idx 422 is the ONLY one violated when kept, and all 422 remaining are satisfied when dropped; honest padding (IS_AFFINE=0) satisfies all 423. The dropped row then fires 8 IS_AFFINE-gated MEMW interactions. idx 422 is LOAD-BEARING.
[SAT — FORGES] A1f control [drop idx 421] cross-syscall impersonation  high-word coefficient is 0 (blind), low-word is -1, so the received tuple sweeps the whole field. Reachable syscalls: ECSM@IS_AFFINE=0, ECSM_AFFINE@IS_AFFINE=1, HINT@IS_AFFINE=20, KECCAK@IS_AFFINE=18446744069414584312. With idx 421 kept only ['ECSM', 'ECSM_AFFINE'] are admissible; dropped, ['HINT', 'KECCAK'] become reachable ⇒ idx 421 is LOAD-BEARING, and NOT for the reason its comment gives.

Summary:
  CERTIFIED    A1-PRIME p_g = 2^64 − 2^32 + 1 is prime
  PROVED       A1a IS_BIT(IS_AFFINE) ⇒ a ∈ {0,1}
  PROVED       A1b AffineZeroOnPadding ⇒ µ=0 forces IS_AFFINE=0
  PROVED       A1c Ecall tuple injective in IS_AFFINE [repo numbers]
  PROVED       A1c Ecall tuple injective in IS_AFFINE [equal lo, differing hi (assert fires; still injective)]
  SAT — FORGES A1c Ecall tuple injective in IS_AFFINE [identical numbers (degenerate)]
  PROVED       A1c controls
  PROVED       A1c assert load-bearing
  PROVED       A1d degree bound
  SAT — FORGES A1e control [drop idx 422] padding row with IS_AFFINE=1
  SAT — FORGES A1f control [drop idx 421] cross-syscall impersonation
