[PROVED      ] A2a YrLtP word-carry lift  |A| < 2^33 ⇒ no p_g wrap; 0.01s
[PROVED      ] A2b OverflowRequired(YrLtP) ⇒ yR < p  p pinned as a numeral (not a free constant); 0.01s
[SAT (expected)] A2b non-vacuity  yR = p−1 is satisfiable ⇒ the constraint set is not empty; 0.01s
[PROVED      ] A2c width [YrLtP pre-lift word]  max|A_i| = 8589934591 = 2^32.. < 2^33 ≪ p_g (4.66e-10·p_g)
[PROVED      ] A2c width [emitted YrLtP constraints]  µ·c·(1−c) ∈ {0} and µ·(1−c_7) ∈ {0,±1} once c ∈ {0,1}: single-digit ≪ p_g
[SAT — CATCHES] A2c control [wrong constant p→p+2 / p→N]  honest witness (addend fixed at (2^256+yR−p) mod 2^256) valid under p (True), rejected under p+2 (True) and under N (True) ⇒ the chain binds `p` itself, not just its shape
[CONTRACT    ] A2d contract C4-YR [YR byte authority]  YR is NOT in ecsm.rs's is_byte list ['Q0', 'Q1', 'X2', 'YG']; bound inherited via 2 exhaustive cases on len_k (bus-level, so outside this gate: C5 + imported L6)
[NOTED       ] A2d observation [µ-gated, not IS_AFFINE-gated]  YrLtP binds on x-only rows too: strictly stronger (sound), and honest witnesses satisfy it because witness.rs fills y_r_sub_p on both paths
[PROVED      ] A2e honest-witness anchor  14 witnesses (4 x-only, 10 affine): every c_i ∈ {0,1}, c_7 = 1, YR_SUB_P halfwords in [0,2^16)
[SAT — FORGES] A2f forgery instantiated (y = 1 point)  yR = 1, yR+p = 0xfffffffffffffffffffffffffffffffffffffffffffffffffffffffefffffc30; all 12 checks hold: the forged witness satisfies the ECDAS Yr relation exactly, its carries fit the window, and every byte check passes — YrLtP is the only thing that rejects it
[SAT — FORGES] A2g control [drop YrLtP]  the A2f witness is accepted and the guest is handed a non-canonical yR ⇒ YrLtP is LOAD-BEARING (the yR-side analogue of the earlier board's N6/XR_SUB_P)
[PROVED      ] A2h attack band populated  2^256 − p = 4294968273 = 2^32 + 977; a real secp256k1 point has y = 1 (the smallest possible), so y + p is 32-byte representable ⇒ the PR's constructibility claim holds, at the very bottom of the band

Summary:
  PROVED         A2a YrLtP word-carry lift
  PROVED         A2b OverflowRequired(YrLtP) ⇒ yR < p
  SAT (expected) A2b non-vacuity
  PROVED         A2c width [YrLtP pre-lift word]
  PROVED         A2c width [emitted YrLtP constraints]
  SAT — CATCHES  A2c control [wrong constant p→p+2 / p→N]
  CONTRACT       A2d contract C4-YR [YR byte authority]
  NOTED          A2d observation [µ-gated, not IS_AFFINE-gated]
  PROVED         A2e honest-witness anchor
  SAT — FORGES   A2f forgery instantiated (y = 1 point)
  SAT — FORGES   A2g control [drop YrLtP]
  PROVED         A2h attack band populated
