ZFW 2026-09-30T05:31:33Z plan: sha 9e2728955 · worktree /workspace/lambda_vm-zf-whir · driver /root/whir_tree17.sh -> /root/A-tree-whir.v10.sh · 1 arm(s)
ZFW 2026-09-30T05:31:33Z   wt1202  arm P2  knobs: <none>
ZFW 2026-09-30T05:31:33Z preflight:
ZFW 2026-09-30T05:31:33Z   ok    record driver /root/whir_tree17.sh md5 d243d42e4035e5f954f0be519c4aed38 (called unchanged)
ZFW 2026-09-30T05:31:33Z   ok    launcher /root/A-tree-whir.v10.sh md5 88dd158786704e98df5a726a29df0088
ZFW 2026-09-30T05:31:33Z   ok    block ELF sha256 = record
ZFW 2026-09-30T05:31:33Z   ok    block input sha256 = record
ZFW 2026-09-30T05:31:33Z   ok    source repo /workspace/lambda_vm
ZFW 2026-09-30T05:31:33Z   ok    nvidia-smi present
ZFW 2026-09-30T05:31:33Z   ok    flock present
ZFW 2026-09-30T05:31:33Z   ok    zf_summary.py parses a knob arm
ZFW 2026-09-30T05:31:33Z run dir /root/zf/wt1202-wt1202 (driver.log is this output)
ZFW 2026-09-30T05:31:33Z fetch: origin whir-recursion-rpx
ZFW 2026-09-30T05:31:33Z HEAD asserted: 9e2728955f8d1f0b6e71f4e21d48d592aab06f5c
ZFW 2026-09-30T05:31:33Z ===== ARM wt1202 (1/1) name P2 · ZF knobs: <none>
ZFW 2026-09-30T05:31:33Z card: 1 MiB used, 0 compute app(s)
ZFW 2026-09-30T05:31:33Z HEAD asserted: 9e2728955f8d1f0b6e71f4e21d48d592aab06f5c
ZFW 2026-09-30T05:31:33Z   knobs exported to the process: <none> (every other LAMBDA_VM_ZF_* unset)
ZFW 2026-09-30T05:32:16Z   record chain returned 0 after 43 s (its verdict is the WT _RC line)
ZFW 2026-09-30T05:32:16Z   WT _RC=0
ZFW 2026-09-30T05:32:16Z   prover binary lambda_vm_prover-5f16f3a860d7e6fd md5 a9f4f4283fc20b1848ea911aa22dc61e
ZFW 2026-09-30T05:32:16Z   ZF BANNER: NONDEFAULT banner on a no-knob arm: {'cap': 'auto', 'whir_cap': 'auto', 'fri': 'dp', 'whir_folds': 'first6'} — the code defaults are not the documented defaults; read before quoting
  wt1202 | block wall (WHOLE RUN) | 40.4 s |
  wt1202 | host peak (WHOLE RUN) | 15.881 GiB |
  wt1202 | base | 30.8 s (15 epochs) |
  wt1202 | level 0 | NA s |
  wt1202 | interior (pooled) | NA s (levels NA, NA nodes) |
  wt1202 | root stage · verify | 1.2 s · 0.1 s · 180 words |
  wt1202 | device peak (10 ms sampler) | 27,570 MiB · base window 27,570 · after 25,522 · reserved high-water 24,342 |
  wt1202 | fallbacks commit / device | 0 / 0 |
  wt1202 | PROVED AND VERIFIED (root) | yes |
  wt1202 | SHAPE | SHAPE from 15 epochs at fan-in 5: 2 levels, 4 nodes |
  wt1202 identities: 0 wraps md5 `None` · 3 nodes md5 `051f03969465` · global `a3f2833fe8c11ecf` · root `987a2780df8324ca`
ZFW 2026-09-30T05:32:16Z   wt1202 green
ZFW 2026-09-30T05:32:16Z ===== A/B over 1 arm(s)
VERDICT: WHIR ARMS GREEN — 1 arm(s) wt1202..wt1202 at 9e2728955; A/B in /root/zf/wt1202-wt1202/ab.md
