==============================================================================
BLAKE3-behind-LFM_HASH  --  z3 GATE  (Option A socket)
==============================================================================

--- MAIN THEOREMS (symbolic, BV) -- want UNSAT ---
  [PASS    ] T1  G quarter-round, free inputs (covers every G) -> unsat  (want unsat)  20.3s
  [PASS    ] T2  message schedule, all 7 rounds (placement/tag/LE/perm) -> unsat  (want unsat)
  [PASS    ] T3  framing @rounds=0 (init state/feed-forward/window) -> unsat  (want unsat)
  per-theorem discrimination controls -- want SAT:
  [PASS    ]     T2-ctl swap_a_b                          -> sat    (want sat)
  [PASS    ]     T2-ctl tag_changed                       -> sat    (want sat)
  [PASS    ]     T2-ctl tag_omitted                       -> sat    (want sat)
  [PASS    ]     T2-ctl tag_slot_moved                    -> sat    (want sat)
  [PASS    ]     T2-ctl lanes_big_endian                  -> sat    (want sat)
  [PASS    ]     T2-ctl msg_perm_swapped                  -> sat    (want sat)
  [PASS    ]     T3-ctl cv_zero                           -> sat    (want sat)
  [PASS    ]     T3-ctl truncate_high_half                -> sat    (want sat)
  [PASS    ]     T3-ctl drop_ff_xor                       -> sat    (want sat)

--- T4  FULL PIPELINE, CONCRETE, vs the anchored KATs ---
  [PASS    ] T4  full 7-round pipeline == anchored KAT    -> sat    (want sat)  6.8s
  [PASS    ] T4  full 7-round pipeline EXCLUDES a wrong digest -> unsat  (want unsat)  7.1s
  [PASS    ] T4  full 6-round pipeline == anchored KAT    -> sat    (want sat)  5.9s
  [PASS    ] T4  full 6-round pipeline EXCLUDES a wrong digest -> unsat  (want unsat)  6.1s

--- NEGATIVE CONTROLS -- want SAT (an UNSAT here means the gate is BLIND) ---
  logic bugs, symbolic at G level:
  [PASS    ] NC  rot_wrong_amount                         -> sat    (want sat)
  [PASS    ] NC  swap_g_operand                           -> sat    (want sat)
  framing + wiring bugs, FULL 7-round pipeline, concrete:
  [PASS    ] NC  swap_a_b @7                              -> sat    (want sat)  6.7s
  [PASS    ] NC  tag_changed @7                           -> sat    (want sat)  7.0s
  [PASS    ] NC  tag_omitted @7                           -> sat    (want sat)  5.9s
  [PASS    ] NC  truncate_high_half @7                    -> sat    (want sat)  5.8s
  [PASS    ] NC  flags_parent @7                          -> sat    (want sat)  7.1s
  [PASS    ] NC  flags_no_root @7                         -> sat    (want sat)  7.4s
  [PASS    ] NC  block_len_64 @7                          -> sat    (want sat)  5.2s
  [PASS    ] NC  block_len_32 @7                          -> sat    (want sat)  4.8s
  [PASS    ] NC  counter_one @7                           -> sat    (want sat)  5.1s
  [PASS    ] NC  cv_zero @7                               -> sat    (want sat)  5.0s
  [PASS    ] NC  lanes_big_endian @7                      -> sat    (want sat)  4.3s
  [PASS    ] NC  tag_slot_moved @7                        -> sat    (want sat)  5.1s
  [PASS    ] NC  msg_perm_swapped @7                      -> sat    (want sat)  5.1s
  [PASS    ] NC  rounds_6_not_7 @7                        -> sat    (want sat)  4.2s
  [PASS    ] NC  drop_ff_xor @7                           -> sat    (want sat)  5.0s
  [PASS    ] NC  swap_g_operand @7                        -> sat    (want sat)  4.6s
  [PASS    ] NC  drop_add2_carry @7                       -> sat    (want sat)  95.4s
  framing + wiring bugs, FULL 6-round pipeline, concrete:
  [PASS    ] NC  swap_a_b @6                              -> sat    (want sat)  3.7s
  [PASS    ] NC  tag_changed @6                           -> sat    (want sat)  4.0s
  [PASS    ] NC  tag_omitted @6                           -> sat    (want sat)  3.8s
  [PASS    ] NC  truncate_high_half @6                    -> sat    (want sat)  4.3s
  [PASS    ] NC  flags_parent @6                          -> sat    (want sat)  4.2s
  [PASS    ] NC  flags_no_root @6                         -> sat    (want sat)  4.1s
  [PASS    ] NC  block_len_64 @6                          -> sat    (want sat)  3.8s
  [PASS    ] NC  block_len_32 @6                          -> sat    (want sat)  3.8s
  [PASS    ] NC  counter_one @6                           -> sat    (want sat)  4.2s
  [PASS    ] NC  cv_zero @6                               -> sat    (want sat)  4.1s
  [PASS    ] NC  lanes_big_endian @6                      -> sat    (want sat)  4.1s
  [PASS    ] NC  tag_slot_moved @6                        -> sat    (want sat)  4.1s
  [PASS    ] NC  msg_perm_swapped @6                      -> sat    (want sat)  3.7s
  [PASS    ] NC  rounds_7_not_6 @6                        -> sat    (want sat)  4.5s
  [PASS    ] NC  drop_ff_xor @6                           -> sat    (want sat)  4.3s
  [PASS    ] NC  swap_g_operand @6                        -> sat    (want sat)  3.6s
  [PASS    ] NC  drop_add2_carry @6                       -> sat    (want sat)  11.2s

--- DOCUMENTED BV BLINDNESS (why the FIELD domain is mandatory) ---
  [PASS    ] BV  drop_carry_bool (add3 carry COLUMNS) invisible in BV -> WA4 has the field verdict -> unsat  (want unsat)  36.6s

--- OPTIONAL TAIL TRUNCATION (last-round diagonal X4/B2 omitted) ---
  [PASS    ] TT  tail-truncated 7-round pipeline == anchored KAT -> sat    (want sat)  4.5s
  [PASS    ] TT  tail-truncated pipeline EXCLUDES a wrong digest -> unsat  (want unsat)  4.9s
      saves 112 cell-equiv of 5509 (2.0%)

--- NON-VACUITY ---
  [PASS    ] NV  honest system satisfiable @rounds=7 (not vacuous) -> sat    (want sat)  4.4s

--- WIDTH AUDIT (FIELD, mod p) -- bound necessity; BV cannot see these ---
  [PASS    ] WA1 lane decomposition, AreBytes PRESENT     -> unsat  (want unsat)
  [PASS    ] WA1 lane decomposition, AreBytes DROPPED     -> sat    (want sat)
  [PASS    ] WA2 lane < 2^32 forced, AreBytes PRESENT     -> unsat  (want unsat)
  [PASS    ] WA2 lane < 2^32 forced, AreBytes DROPPED     -> sat    (want sat)
  [PASS    ] WA3 shift SLL bound PRESENT (r=9)            -> unsat  (want unsat)
  [PASS    ] WA3 shift SLL bound DROPPED (r=9)            -> sat    (want sat)
  [PASS    ] WA4 add3 carry booleanity PRESENT            -> unsat  (want unsat)
  [PASS    ] WA4 add3 carry booleanity DROPPED            -> sat    (want sat)
  [PASS    ] WA5 tail case: rotation WORD value still pinned -> unsat  (want unsat)
  [PASS    ] WA5 tail case: rotation BYTES not pinned (hazard is real) -> sat    (want sat)
  [PASS    ] WA6 no-wrap side condition (worst 2^34 < p)  -> ok     (want ok)
  [PASS    ] WA7 add2 expression-carry pins s (s byte-bound) -> unsat  (want unsat)
  [PASS    ] WA7 add2 expression-carry, s bound DROPPED   -> sat    (want sat)

--- BLOCK-0 FRAMING AUDIT (FIELD) -- the four constraints BV cannot reach ---
  [PASS    ] B0a capacity prefix pinned, MODE_P=0 PRESENT (idx 0-3,5) -> unsat  (want unsat)
  [PASS    ] B0a capacity prefix, MODE_P pin DROPPED (idx 5 gone) -> sat    (want sat)
  [PASS    ] B0b MU booleanity from mode-sum (idx 4,5) PRESENT -> unsat  (want unsat)
  [PASS    ] B0b MU booleanity DROPPED                    -> sat    (want sat)
  [PASS    ] B0c upper OUT lanes pinned to 0 (idx 14-21) PRESENT -> unsat  (want unsat)
  [PASS    ] B0c upper OUT lane pins DROPPED              -> sat    (want sat)

--- M8 (FOUR-way one-hot): what makes the mode-selected m[8] trustworthy ---
  [PASS    ] M8  forged tag reachable with idx 4 ALONE (no one-hot) -> sat    (want sat)
  [PASS    ] M8  forged tag EXCLUDED once four-way one-hot is present -> unsat  (want unsat)
  [PASS    ] M8  honest leg: TAG_LFMC still reachable under one-hot -> sat    (want sat)
  [PASS    ] M8  honest leg: TAG_LFMT still reachable under one-hot -> sat    (want sat)
  [PASS    ] M8  honest leg: TAG_LFML still reachable under one-hot -> sat    (want sat)

--- D1 UNREAD-INPUT PINS (8, both cells) ---
  [PASS    ] D1  no honest row over-constrained (pin selectors vs arities) -> unsat  (want unsat)
  [PASS    ] D1  pins are INERT on BLAKE3 -- necessity rests on the Rust controls (see the docstring) -> unsat  (want unsat)

--- LEAF MODE (MODE_L): canonicity, and the gating-split hazard ---
  [PASS    ] WA8 leaf canonicity PRESENT -> non-canonical pair unprovable -> unsat  (want unsat)
  [PASS    ] WA8 leaf canonicity DROPPED -> a felt gets a 2nd half-pair -> sat    (want sat)
  [PASS    ] WA9 AreBytes still covers leaf rows (as built) -> map injective -> unsat  (want unsat)
  [PASS    ] WA9 AreBytes NARROWED to digest modes -> canonicity goes VACUOUS -> sat    (want sat)

--- ARGUED LEDGER (algebra, not solver output -- stated, not hidden) ---
  AR1: F_p has no zero divisors (p prime), so `x*(1-x) = 0` has root set exactly {0,1}.
       relied on by: add3 carry booleanity (WA4); mode-sum booleanity (B0b)
  AR2: 2^{-32} is a unit in F_p, so `d * 2^{-32} in {0,1}` iff `d in {0, 2^32}` -- multiplication by a unit is a bijection and maps the root set exactly.
       relied on by: add2 expression-carry (WA7)
  AR3: 2^16 is invertible mod p, which is what makes the tight AreBytes bound on SLL pin the shift remainder uniquely.
       relied on by: rotation shift identity (WA3)
  AR4: every field-lifted expression stays below 2^34 << p, so `expr = 0 mod p` implies `expr = 0` over the integers.
       relied on by: all identities (WA6)

--- COST CENSUS (derived from the gated model, not hand-counted) ---
  7-round: main= 3436  sends= 1382  aux= 2073  cell-equiv= 5509
  6-round: main= 2956  sends= 1190  aux= 1785  cell-equiv= 4741
      rotr_shift                1344
      xor_out                    912
      add3                       672
      add2                       448
      lane_bytes(MB)              32
      frozen_socket_prefix(IN/S/OUT)    28

==============================================================================
GATE VERDICT: PASS
==============================================================================
EXIT=0
