=== fib_1M (LogUp GPU on) ===
warning: unused import: `rayon::prelude::*`
   --> crypto/math-cuda/src/lde.rs:304:9
    |
304 |     use rayon::prelude::*;
    |         ^^^^^^^^^^^^^^^^^
    |
    = note: `#[warn(unused_imports)]` (part of `#[warn(unused)]`) on by default

warning: `math-cuda` (lib) generated 1 warning (run `cargo fix --lib -p math-cuda` to apply 1 suggestion)
warning: function `try_evaluate_parts_on_lde_gpu` is never used
   --> crypto/stark/src/gpu_lde.rs:346:15
    |
346 | pub(crate) fn try_evaluate_parts_on_lde_gpu<F, E>(
    |               ^^^^^^^^^^^^^^^^^^^^^^^^^^^^^
    |
    = note: `#[warn(dead_code)]` (part of `#[warn(unused)]`) on by default

warning: `stark` (lib) generated 1 warning
    Finished `release` profile [optimized] target(s) in 0.15s
     Running tests/bench_gpu.rs (target/release/deps/bench_gpu-e859e640ef646130)

running 1 test

=== PROVER TIMING ===
  Phase                                    Wall      %
  ──────────────────────────────────────────────────────────
  Execute                                 0.06s    0.4%
  Trace build                             2.41s   16.3%
  AIR construction                        1.12s    7.6%
  Pre-pass (domains/twiddles)             0.20s    1.4%
  Round 1                                 6.25s   42.3%
    Main trace commits                    2.95s          20.0%
      expand_columns_to_lde               6.35s          43.0%
      commit (Merkle)                     1.70s          11.5%
    Aux trace build (parallel)            2.16s          14.6%
    Aux trace commit                      1.14s           7.7%
      expand_columns_to_lde               1.94s          13.2%
      commit (Merkle)                     0.15s           1.0%
  Rounds 2–4                              4.53s   30.7%
      MEMW_R x3            3.1M           5.44s          36.8%
      CPU x2               1.0M           2.64s          17.9%
      BITWISE              1.0M           2.49s          16.8%
      BRANCH               262K           1.02s           6.9%
      MEMW_A                 64           0.71s           4.8%
      MEMW                    4           0.71s           4.8%
      LT                      8           0.71s           4.8%
      REGISTER              128           0.69s           4.7%
      LOAD                    4           0.69s           4.7%
      HALT                    1           0.69s           4.7%
      DVRM                    4           0.69s           4.7%
      SHIFT                   4           0.44s           3.0%
      (5 others)                          0.95s           6.4%
      ── sub-operation totals (all tables) ──
      R2  evaluate                        3.72s          25.2%
      R3  OOD evaluation                  3.59s          24.3%
      R4  queries & openings              3.39s          22.9%
      R2  decompose_and_extend_d2         2.79s          18.9%
      R4  deep_composition_poly_evals     1.42s           9.6%
      R2  commit_composition_poly         1.39s           9.4%
      R4  fri::commit_phase               0.91s           6.2%
      R4  interpolate+evaluate_fft        0.49s           3.3%

  Total FFT                              11.58s   78.4%
  Total Merkle                            4.15s   28.1%
  ──────────────────────────────────────────────────────────
  TOTAL                                  14.77s


=== PROVER TIMING ===
  Phase                                    Wall      %
  ──────────────────────────────────────────────────────────
  Execute                                 0.06s    0.4%
  Trace build                             2.38s   18.8%
  AIR construction                        0.01s    0.1%
  Pre-pass (domains/twiddles)             0.17s    1.3%
  Round 1                                 5.01s   39.5%
    Main trace commits                    1.36s          10.7%
      expand_columns_to_lde               1.90s          14.9%
      commit (Merkle)                     0.54s           4.3%
    Aux trace build (parallel)            2.29s          18.0%
    Aux trace commit                      1.36s          10.8%
      expand_columns_to_lde               2.72s          21.4%
      commit (Merkle)                     0.52s           4.1%
  Rounds 2–4                              4.86s   38.3%
      MEMW_R x3            3.1M           5.65s          44.5%
      CPU x2               1.0M           2.87s          22.6%
      BITWISE              1.0M           2.71s          21.4%
      MUL                     4           1.04s           8.2%
      BRANCH               262K           1.01s           7.9%
      MEMW                    4           0.72s           5.7%
      DECODE                 16           0.72s           5.7%
      LOAD                    4           0.67s           5.3%
      REGISTER              128           0.66s           5.2%
      COMMIT                  4           0.66s           5.2%
      (7 others)                          0.83s           6.5%
      ── sub-operation totals (all tables) ──
      R2  evaluate                        4.27s          33.6%
      R3  OOD evaluation                  3.95s          31.1%
      R2  decompose_and_extend_d2         3.45s          27.2%
      R4  queries & openings              2.10s          16.6%
      R4  deep_composition_poly_evals     1.33s          10.5%
      R2  commit_composition_poly         0.92s           7.3%
      R4  fri::commit_phase               0.83s           6.5%
      R4  interpolate+evaluate_fft        0.51s           4.0%

  Total FFT                               8.58s   67.6%
  Total Merkle                            2.82s   22.2%
  ──────────────────────────────────────────────────────────
  TOTAL                                  12.69s


=== PROVER TIMING ===
  Phase                                    Wall      %
  ──────────────────────────────────────────────────────────
  Execute                                 0.07s    0.6%
  Trace build                             2.60s   21.4%
  AIR construction                        0.02s    0.1%
  Pre-pass (domains/twiddles)             0.17s    1.4%
  Round 1                                 4.60s   37.8%
    Main trace commits                    1.27s          10.5%
      expand_columns_to_lde               2.29s          18.8%
      commit (Merkle)                     0.51s           4.2%
    Aux trace build (parallel)            2.12s          17.5%
    Aux trace commit                      1.20s           9.9%
      expand_columns_to_lde               2.00s          16.4%
      commit (Merkle)                     0.62s           5.1%
  Rounds 2–4                              4.46s   36.7%
      MEMW_R x3            3.1M           5.32s          43.8%
      CPU x2               1.0M           2.50s          20.6%
      BITWISE              1.0M           2.39s          19.6%
      LT                      8           1.01s           8.3%
      BRANCH               262K           0.97s           8.0%
      MEMW_A                 64           0.64s           5.3%
      DVRM                    4           0.63s           5.2%
      COMMIT                  4           0.57s           4.7%
      REGISTER              128           0.57s           4.7%
      HALT                    1           0.57s           4.7%
      LOAD                    4           0.57s           4.7%
      MUL                     4           0.57s           4.7%
      DECODE                 16           0.57s           4.7%
      MEMW                    4           0.42s           3.5%
      (3 others)                          0.25s           2.0%
      ── sub-operation totals (all tables) ──
      R2  evaluate                        4.15s          34.1%
      R4  queries & openings              3.94s          32.4%
      R2  decompose_and_extend_d2         2.75s          22.6%
      R3  OOD evaluation                  2.53s          20.9%
      R2  commit_composition_poly         1.55s          12.8%
      R4  deep_composition_poly_evals     1.24s          10.2%
      R4  fri::commit_phase               0.66s           5.4%
      R4  interpolate+evaluate_fft        0.57s           4.7%

  Total FFT                               7.60s   62.6%
  Total Merkle                            3.33s   27.4%
  ──────────────────────────────────────────────────────────
  TOTAL                                  12.15s


=== PROVER TIMING ===
  Phase                                    Wall      %
  ──────────────────────────────────────────────────────────
  Execute                                 0.06s    0.5%
  Trace build                             2.42s   19.4%
  AIR construction                        0.02s    0.1%
  Pre-pass (domains/twiddles)             0.17s    1.4%
  Round 1                                 5.25s   42.1%
    Main trace commits                    1.48s          11.9%
      expand_columns_to_lde               2.16s          17.4%
      commit (Merkle)                     1.38s          11.1%
    Aux trace build (parallel)            2.45s          19.7%
    Aux trace commit                      1.32s          10.6%
      expand_columns_to_lde               2.41s          19.3%
      commit (Merkle)                     0.29s           2.3%
  Rounds 2–4                              4.35s   34.9%
      MEMW_R x3            3.1M           5.72s          45.9%
      CPU x2               1.0M           2.71s          21.8%
      BITWISE              1.0M           2.19s          17.6%
      BRANCH               262K           1.06s           8.5%
      SHIFT                   4           0.66s           5.3%
      LOAD                    4           0.66s           5.3%
      MEMW                    4           0.66s           5.3%
      LT                      8           0.64s           5.2%
      DECODE                 16           0.60s           4.8%
      MUL                     4           0.33s           2.7%
      MEMW_A                 64           0.33s           2.7%
      HALT                    1           0.33s           2.7%
      (5 others)                          0.40s           3.2%
      ── sub-operation totals (all tables) ──
      R3  OOD evaluation                  4.67s          37.5%
      R2  evaluate                        2.91s          23.4%
      R2  decompose_and_extend_d2         2.90s          23.3%
      R4  queries & openings              1.92s          15.4%
      R4  deep_composition_poly_evals     1.52s          12.2%
      R2  commit_composition_poly         0.87s           7.0%
      R4  fri::commit_phase               0.75s           6.0%
      R4  interpolate+evaluate_fft        0.58s           4.6%

  Total FFT                               8.05s   64.6%
  Total Merkle                            3.29s   26.4%
  ──────────────────────────────────────────────────────────
  TOTAL                                  12.46s

test bench_prove_fib_1m has been running for over 60 seconds

=== PROVER TIMING ===
  Phase                                    Wall      %
  ──────────────────────────────────────────────────────────
  Execute                                 0.06s    0.5%
  Trace build                             2.40s   21.2%
  AIR construction                        0.01s    0.1%
  Pre-pass (domains/twiddles)             0.16s    1.5%
  Round 1                                 4.83s   42.7%
    Main trace commits                    1.35s          11.9%
      expand_columns_to_lde               1.89s          16.7%
      commit (Merkle)                     0.49s           4.3%
    Aux trace build (parallel)            2.01s          17.8%
    Aux trace commit                      1.47s          13.0%
      expand_columns_to_lde               3.20s          28.3%
      commit (Merkle)                     0.27s           2.4%
  Rounds 2–4                              3.61s   32.0%
      MEMW_R x3            3.1M           5.03s          44.5%
      CPU x2               1.0M           2.75s          24.3%
      BITWISE              1.0M           1.74s          15.4%
      MEMW_A                 64           0.70s           6.2%
      LT                      8           0.66s           5.9%
      REGISTER              128           0.65s           5.7%
      BRANCH               262K           0.65s           5.7%
      DVRM                    4           0.64s           5.7%
      SHIFT                   4           0.26s           2.3%
      PAGE:0x10000           4K           0.25s           2.2%
      (7 others)                          0.78s           6.9%
      ── sub-operation totals (all tables) ──
      R2  evaluate                        3.61s          31.9%
      R2  decompose_and_extend_d2         2.66s          23.5%
      R3  OOD evaluation                  2.06s          18.2%
      R2  commit_composition_poly         1.44s          12.7%
      R4  queries & openings              1.40s          12.4%
      R4  deep_composition_poly_evals     1.39s          12.3%
      R4  fri::commit_phase               0.95s           8.4%
      R4  interpolate+evaluate_fft        0.45s           4.0%

  Total FFT                               8.20s   72.5%
  Total Merkle                            3.14s   27.8%
  ──────────────────────────────────────────────────────────
  TOTAL                                  11.30s


=== PROVER TIMING ===
  Phase                                    Wall      %
  ──────────────────────────────────────────────────────────
  Execute                                 0.07s    0.6%
  Trace build                             2.68s   21.6%
  AIR construction                        0.03s    0.2%
  Pre-pass (domains/twiddles)             0.13s    1.1%
  Round 1                                 4.99s   40.2%
    Main trace commits                    1.32s          10.6%
      expand_columns_to_lde               2.50s          20.1%
      commit (Merkle)                     0.71s           5.7%
    Aux trace build (parallel)            2.28s          18.3%
    Aux trace commit                      1.40s          11.3%
      expand_columns_to_lde               2.67s          21.5%
      commit (Merkle)                     0.29s           2.4%
  Rounds 2–4                              4.30s   34.6%
      MEMW_R x3            3.1M           5.03s          40.5%
      CPU x2               1.0M           2.84s          22.9%
      BITWISE              1.0M           2.43s          19.6%
      REGISTER              128           1.11s           8.9%
      MEMW                    4           1.10s           8.9%
      SHIFT                   4           1.08s           8.7%
      BRANCH               262K           1.02s           8.2%
      COMMIT                  4           0.69s           5.5%
      LOAD                    4           0.69s           5.5%
      HALT                    1           0.69s           5.5%
      DVRM                    4           0.69s           5.5%
      LT                      8           0.68s           5.5%
      DECODE                 16           0.68s           5.5%
      MUL                     4           0.68s           5.5%
      (3 others)                          0.22s           1.8%
      ── sub-operation totals (all tables) ──
      R2  evaluate                        6.52s          52.6%
      R4  queries & openings              5.09s          41.0%
      R2  decompose_and_extend_d2         2.72s          21.9%
      R3  OOD evaluation                  1.79s          14.4%
      R4  deep_composition_poly_evals     1.30s          10.5%
      R2  commit_composition_poly         0.91s           7.3%
      R4  fri::commit_phase               0.62s           5.0%
      R4  interpolate+evaluate_fft        0.49s           4.0%

  Total FFT                               8.39s   67.6%
  Total Merkle                            2.53s   20.4%
  ──────────────────────────────────────────────────────────
  TOTAL                                  12.41s

prove(fib_iterative_1M) [gpu]: 12.519s avg over 5 trials
  GPU LDE calls across 5 proves: 2385
  GPU deep-composition calls: 36
  GPU extend_two_halves calls: 0
  GPU R4 deep-poly LDE calls: 42
  GPU R2 parts LDE calls: 42
  GPU leaf-hash calls: 78
  GPU barycentric OOD calls: 156
  GPU Merkle inner-tree calls: 120
test bench_prove_fib_1m ... ok

test result: ok. 1 passed; 0 failed; 0 ignored; 0 measured; 3 filtered out; finished in 77.67s


=== fib_2M (LogUp GPU on) ===
warning: unused import: `rayon::prelude::*`
   --> crypto/math-cuda/src/lde.rs:304:9
    |
304 |     use rayon::prelude::*;
    |         ^^^^^^^^^^^^^^^^^
    |
    = note: `#[warn(unused_imports)]` (part of `#[warn(unused)]`) on by default

warning: `math-cuda` (lib) generated 1 warning (run `cargo fix --lib -p math-cuda` to apply 1 suggestion)
warning: function `try_evaluate_parts_on_lde_gpu` is never used
   --> crypto/stark/src/gpu_lde.rs:346:15
    |
346 | pub(crate) fn try_evaluate_parts_on_lde_gpu<F, E>(
    |               ^^^^^^^^^^^^^^^^^^^^^^^^^^^^^
    |
    = note: `#[warn(dead_code)]` (part of `#[warn(unused)]`) on by default

warning: `stark` (lib) generated 1 warning
    Finished `release` profile [optimized] target(s) in 0.15s
     Running tests/bench_gpu.rs (target/release/deps/bench_gpu-e859e640ef646130)

running 1 test

=== PROVER TIMING ===
  Phase                                    Wall      %
  ──────────────────────────────────────────────────────────
  Execute                                 0.11s    0.4%
  Trace build                             5.33s   20.6%
  AIR construction                        1.20s    4.6%
  Pre-pass (domains/twiddles)             0.50s    1.9%
  Round 1                                11.26s   43.5%
    Main trace commits                    4.51s          17.4%
      expand_columns_to_lde              16.48s          63.6%
      commit (Merkle)                     1.95s           7.5%
    Aux trace build (parallel)            3.81s          14.7%
    Aux trace commit                      2.94s          11.4%
      expand_columns_to_lde               7.93s          30.6%
      commit (Merkle)                     0.44s           1.7%
  Rounds 2–4                              7.14s   27.6%
      MEMW_R x6            6.3M          18.08s          69.8%
      CPU x4               2.1M           9.66s          37.3%
      BITWISE              1.0M           3.68s          14.2%
      DVRM                    4           3.24s          12.5%
      BRANCH               524K           2.47s           9.5%
      DECODE                 16           1.21s           4.7%
      REGISTER              128           1.21s           4.7%
      LT                      8           1.18s           4.6%
      COMMIT                  4           1.18s           4.6%
      MUL                     4           1.16s           4.5%
      MEMW                    4           1.15s           4.4%
      LOAD                    4           1.15s           4.4%
      HALT                    1           1.14s           4.4%
      MEMW_A                 64           1.14s           4.4%
      (3 others)                          0.30s           1.2%
      ── sub-operation totals (all tables) ──
      R2  evaluate                       17.02s          65.7%
      R2  decompose_and_extend_d2         9.51s          36.7%
      R3  OOD evaluation                  7.04s          27.2%
      R4  deep_composition_poly_evals     3.86s          14.9%
      R2  commit_composition_poly         3.07s          11.9%
      R4  queries & openings              2.80s          10.8%
      R4  fri::commit_phase               2.31s           8.9%
      R4  interpolate+evaluate_fft        1.72s           6.6%

  Total FFT                              35.64s  137.6%
  Total Merkle                            7.77s   30.0%
  ──────────────────────────────────────────────────────────
  TOTAL                                  25.90s


=== PROVER TIMING ===
  Phase                                    Wall      %
  ──────────────────────────────────────────────────────────
  Execute                                 0.11s    0.5%
  Trace build                             5.30s   26.0%
  AIR construction                        0.02s    0.1%
  Pre-pass (domains/twiddles)             0.46s    2.2%
  Round 1                                 8.08s   39.6%
    Main trace commits                    2.35s          11.5%
      expand_columns_to_lde               6.10s          29.9%
      commit (Merkle)                     0.59s           2.9%
    Aux trace build (parallel)            2.97s          14.5%
    Aux trace commit                      2.77s          13.6%
      expand_columns_to_lde               7.42s          36.3%
      commit (Merkle)                     0.58s           2.8%
  Rounds 2–4                              6.09s   29.9%
      MEMW_R x6            6.3M          15.69s          76.9%
      CPU x4               2.1M           8.03s          39.3%
      BITWISE              1.0M           3.06s          15.0%
      BRANCH               524K           1.12s           5.5%
      MEMW                    4           1.11s           5.4%
      REGISTER              128           1.04s           5.1%
      SHIFT                   4           1.04s           5.1%
      (10 others)                         1.38s           6.8%
      ── sub-operation totals (all tables) ──
      R2  evaluate                        9.43s          46.2%
      R2  decompose_and_extend_d2         7.49s          36.7%
      R4  queries & openings              3.46s          16.9%
      R3  OOD evaluation                  3.23s          15.8%
      R2  commit_composition_poly         2.87s          14.1%
      R4  deep_composition_poly_evals     2.80s          13.7%
      R4  fri::commit_phase               1.45s           7.1%
      R4  interpolate+evaluate_fft        1.45s           7.1%

  Total FFT                              22.46s  110.0%
  Total Merkle                            5.49s   26.9%
  ──────────────────────────────────────────────────────────
  TOTAL                                  20.42s

test bench_prove_fib_2m has been running for over 60 seconds

=== PROVER TIMING ===
  Phase                                    Wall      %
  ──────────────────────────────────────────────────────────
  Execute                                 0.13s    0.6%
  Trace build                             5.56s   26.4%
  AIR construction                        0.02s    0.1%
  Pre-pass (domains/twiddles)             0.34s    1.6%
  Round 1                                 9.22s   43.8%
    Main trace commits                    2.54s          12.1%
      expand_columns_to_lde               5.57s          26.5%
      commit (Merkle)                     0.60s           2.9%
    Aux trace build (parallel)            3.86s          18.4%
    Aux trace commit                      2.82s          13.4%
      expand_columns_to_lde               7.50s          35.7%
      commit (Merkle)                     0.46s           2.2%
  Rounds 2–4                              5.42s   25.7%
      MEMW_R x6            6.3M          14.33s          68.1%
      CPU x4               2.1M           7.26s          34.5%
      BITWISE              1.0M           2.64s          12.5%
      MEMW_A                 64           1.16s           5.5%
      COMMIT                  4           1.15s           5.5%
      MEMW                    4           1.14s           5.4%
      SHIFT                   4           1.13s           5.4%
      HALT                    1           1.13s           5.4%
      BRANCH               524K           1.03s           4.9%
      PAGE:0x10000           4K           0.50s           2.4%
      DVRM                    4           0.46s           2.2%
      (6 others)                          1.27s           6.0%
      ── sub-operation totals (all tables) ──
      R2  evaluate                        8.52s          40.5%
      R2  decompose_and_extend_d2         6.34s          30.1%
      R3  OOD evaluation                  5.04s          23.9%
      R4  queries & openings              3.79s          18.0%
      R2  commit_composition_poly         3.46s          16.4%
      R4  deep_composition_poly_evals     2.84s          13.5%
      R4  fri::commit_phase               1.82s           8.6%
      R4  interpolate+evaluate_fft        0.93s           4.4%

  Total FFT                              20.35s   96.7%
  Total Merkle                            6.34s   30.1%
  ──────────────────────────────────────────────────────────
  TOTAL                                  21.05s


=== PROVER TIMING ===
  Phase                                    Wall      %
  ──────────────────────────────────────────────────────────
  Execute                                 0.10s    0.5%
  Trace build                             5.77s   28.8%
  AIR construction                        0.02s    0.1%
  Pre-pass (domains/twiddles)             0.42s    2.1%
  Round 1                                 8.39s   41.9%
    Main trace commits                    3.55s          17.7%
      expand_columns_to_lde               6.74s          33.6%
      commit (Merkle)                     0.60s           3.0%
    Aux trace build (parallel)            2.57s          12.8%
    Aux trace commit                      2.27s          11.3%
      expand_columns_to_lde               6.29s          31.4%
      commit (Merkle)                     0.43s           2.2%
  Rounds 2–4                              4.99s   24.9%
      MEMW_R x6            6.3M          13.08s          65.3%
      CPU x4               2.1M           7.07s          35.3%
      BITWISE              1.0M           2.54s          12.7%
      BRANCH               524K           1.78s           8.9%
      MUL                     4           1.07s           5.3%
      DECODE                 16           1.07s           5.3%
      MEMW                    4           0.77s           3.8%
      COMMIT                  4           0.76s           3.8%
      LOAD                    4           0.76s           3.8%
      HALT                    1           0.76s           3.8%
      SHIFT                   4           0.76s           3.8%
      PAGE:0x11000           4K           0.47s           2.3%
      (5 others)                          0.28s           1.4%
      ── sub-operation totals (all tables) ──
      R2  evaluate                        8.36s          41.7%
      R2  decompose_and_extend_d2         6.09s          30.4%
      R4  queries & openings              4.41s          22.0%
      R3  OOD evaluation                  4.18s          20.9%
      R2  commit_composition_poly         3.17s          15.8%
      R4  deep_composition_poly_evals     2.16s          10.8%
      R4  fri::commit_phase               1.38s           6.9%
      R4  interpolate+evaluate_fft        1.23s           6.2%

  Total FFT                              20.35s  101.5%
  Total Merkle                            5.58s   27.9%
  ──────────────────────────────────────────────────────────
  TOTAL                                  20.04s


=== PROVER TIMING ===
  Phase                                    Wall      %
  ──────────────────────────────────────────────────────────
  Execute                                 0.13s    0.7%
  Trace build                             5.87s   31.3%
  AIR construction                        0.02s    0.1%
  Pre-pass (domains/twiddles)             0.27s    1.4%
  Round 1                                 6.82s   36.4%
    Main trace commits                    2.03s          10.8%
      expand_columns_to_lde               5.62s          30.0%
      commit (Merkle)                     0.57s           3.0%
    Aux trace build (parallel)            2.55s          13.6%
    Aux trace commit                      2.24s          12.0%
      expand_columns_to_lde               6.23s          33.2%
      commit (Merkle)                     0.33s           1.8%
  Rounds 2–4                              5.28s   28.2%
      MEMW_R x6            6.3M          13.83s          73.7%
      CPU x4               2.1M           7.07s          37.7%
      BITWISE              1.0M           2.63s          14.0%
      BRANCH               524K           1.21s           6.4%
      REGISTER              128           1.04s           5.6%
      LT                      8           1.04s           5.6%
      DECODE                 16           1.04s           5.6%
      SHIFT                   4           1.04s           5.6%
      COMMIT                  4           1.04s           5.6%
      HALT                    1           0.49s           2.6%
      PAGE:0x11000           4K           0.46s           2.5%
      MEMW_A                 64           0.38s           2.0%
      (5 others)                          0.53s           2.8%
      ── sub-operation totals (all tables) ──
      R2  evaluate                        8.01s          42.7%
      R4  queries & openings              6.31s          33.6%
      R2  decompose_and_extend_d2         5.76s          30.7%
      R2  commit_composition_poly         3.21s          17.1%
      R3  OOD evaluation                  3.20s          17.0%
      R4  deep_composition_poly_evals     2.52s          13.4%
      R4  fri::commit_phase               1.55s           8.2%
      R4  interpolate+evaluate_fft        0.99s           5.3%

  Total FFT                              18.60s   99.2%
  Total Merkle                            5.65s   30.1%
  ──────────────────────────────────────────────────────────
  TOTAL                                  18.76s


=== PROVER TIMING ===
  Phase                                    Wall      %
  ──────────────────────────────────────────────────────────
  Execute                                 0.10s    0.6%
  Trace build                             5.73s   31.3%
  AIR construction                        0.02s    0.1%
  Pre-pass (domains/twiddles)             0.26s    1.4%
  Round 1                                 6.47s   35.3%
    Main trace commits                    2.03s          11.1%
      expand_columns_to_lde               4.62s          25.2%
      commit (Merkle)                     0.51s           2.8%
    Aux trace build (parallel)            2.26s          12.3%
    Aux trace commit                      2.18s          11.9%
      expand_columns_to_lde               5.71s          31.1%
      commit (Merkle)                     1.46s           7.9%
  Rounds 2–4                              5.38s   29.3%
      MEMW_R x6            6.3M          13.36s          72.8%
      CPU x4               2.1M           6.29s          34.3%
      BITWISE              1.0M           2.76s          15.0%
      BRANCH               524K           1.75s           9.5%
      LT                      8           1.10s           6.0%
      SHIFT                   4           1.10s           6.0%
      COMMIT                  4           1.08s           5.9%
      MUL                     4           1.08s           5.9%
      DECODE                 16           0.78s           4.2%
      HALT                    1           0.78s           4.2%
      MEMW                    4           0.78s           4.2%
      LOAD                    4           0.78s           4.2%
      PAGE:0x10000           4K           0.48s           2.6%
      PAGE:0x11000           4K           0.46s           2.5%
      (3 others)                          0.27s           1.5%
      ── sub-operation totals (all tables) ──
      R2  evaluate                        9.32s          50.8%
      R2  decompose_and_extend_d2         5.74s          31.3%
      R3  OOD evaluation                  5.05s          27.5%
      R4  queries & openings              3.55s          19.3%
      R4  deep_composition_poly_evals     3.24s          17.7%
      R2  commit_composition_poly         2.72s          14.8%
      R4  fri::commit_phase               1.64s           9.0%
      R4  interpolate+evaluate_fft        1.27s           6.9%

  Total FFT                              17.34s   94.5%
  Total Merkle                            6.33s   34.5%
  ──────────────────────────────────────────────────────────
  TOTAL                                  18.35s

prove(fib_iterative_2M) [gpu]: 20.331s avg over 5 trials
  GPU LDE calls across 5 proves: 4475
  GPU deep-composition calls: 66
  GPU extend_two_halves calls: 0
  GPU R4 deep-poly LDE calls: 72
  GPU R2 parts LDE calls: 72
  GPU leaf-hash calls: 138
  GPU barycentric OOD calls: 276
  GPU Merkle inner-tree calls: 210
test bench_prove_fib_2m ... ok

test result: ok. 1 passed; 0 failed; 0 ignored; 0 measured; 3 filtered out; finished in 128.15s


=== fib_4M (LogUp GPU on) ===
warning: unused import: `rayon::prelude::*`
   --> crypto/math-cuda/src/lde.rs:304:9
    |
304 |     use rayon::prelude::*;
    |         ^^^^^^^^^^^^^^^^^
    |
    = note: `#[warn(unused_imports)]` (part of `#[warn(unused)]`) on by default

warning: `math-cuda` (lib) generated 1 warning (run `cargo fix --lib -p math-cuda` to apply 1 suggestion)
warning: function `try_evaluate_parts_on_lde_gpu` is never used
   --> crypto/stark/src/gpu_lde.rs:346:15
    |
346 | pub(crate) fn try_evaluate_parts_on_lde_gpu<F, E>(
    |               ^^^^^^^^^^^^^^^^^^^^^^^^^^^^^
    |
    = note: `#[warn(dead_code)]` (part of `#[warn(unused)]`) on by default

warning: `stark` (lib) generated 1 warning
    Finished `release` profile [optimized] target(s) in 0.16s
     Running tests/bench_gpu.rs (target/release/deps/bench_gpu-e859e640ef646130)

running 1 test

=== PROVER TIMING ===
  Phase                                    Wall      %
  ──────────────────────────────────────────────────────────
  Execute                                 0.19s    0.4%
  Trace build                            11.89s   27.8%
  AIR construction                        1.21s    2.8%
  Pre-pass (domains/twiddles)             1.03s    2.4%
  Round 1                                17.47s   40.8%
    Main trace commits                    6.54s          15.3%
      expand_columns_to_lde              34.45s          80.5%
      commit (Merkle)                     2.53s           5.9%
    Aux trace build (parallel)            5.62s          13.1%
    Aux trace commit                      5.31s          12.4%
      expand_columns_to_lde              19.61s          45.9%
      commit (Merkle)                     2.90s           6.8%
  Rounds 2–4                             10.41s   24.3%
      MEMW_R x12          12.1M          32.32s          75.6%
      CPU x8               4.2M          29.10s          68.0%
      BITWISE              1.0M           4.36s          10.2%
      BRANCH               1.0M           3.59s           8.4%
      MEMW_A                 64           3.50s           8.2%
      MEMW                    4           3.49s           8.2%
      REGISTER              128           2.23s           5.2%
      (10 others)                         2.83s           6.6%
      ── sub-operation totals (all tables) ──
      R2  evaluate                       34.17s          79.9%
      R2  decompose_and_extend_d2        14.63s          34.2%
      R2  commit_composition_poly         7.32s          17.1%
      R3  OOD evaluation                  7.03s          16.4%
      R4  deep_composition_poly_evals     6.83s          16.0%
      R4  fri::commit_phase               3.64s           8.5%
      R4  queries & openings              3.62s           8.5%
      R4  interpolate+evaluate_fft        3.57s           8.3%

  Total FFT                              72.26s  168.9%
  Total Merkle                           16.39s   38.3%
  ──────────────────────────────────────────────────────────
  TOTAL                                  42.77s

test bench_prove_fib_4m has been running for over 60 seconds

=== PROVER TIMING ===
  Phase                                    Wall      %
  ──────────────────────────────────────────────────────────
  Execute                                 0.32s    0.9%
  Trace build                            10.26s   30.2%
  AIR construction                        0.02s    0.0%
  Pre-pass (domains/twiddles)             1.27s    3.7%
  Round 1                                12.43s   36.6%
    Main trace commits                    4.50s          13.2%
      expand_columns_to_lde              12.50s          36.8%
      commit (Merkle)                     0.65s           1.9%
    Aux trace build (parallel)            3.60s          10.6%
    Aux trace commit                      4.33s          12.7%
      expand_columns_to_lde              16.60s          48.8%
      commit (Merkle)                     0.60s           1.8%
  Rounds 2–4                              9.05s   26.6%
      MEMW_R x12          12.1M          29.75s          87.5%
      CPU x8               4.2M          20.62s          60.7%
      BITWISE              1.0M           3.55s          10.4%
      BRANCH               1.0M           2.58s           7.6%
      REGISTER              128           2.00s           5.9%
      DECODE                 16           1.99s           5.9%
      SHIFT                   4           1.98s           5.8%
      COMMIT                  4           1.98s           5.8%
      HALT                    1           1.97s           5.8%
      (8 others)                          2.70s           7.9%
      ── sub-operation totals (all tables) ──
      R2  evaluate                       27.08s          79.7%
      R2  decompose_and_extend_d2        11.95s          35.1%
      R2  commit_composition_poly         7.36s          21.7%
      R3  OOD evaluation                  7.29s          21.5%
      R4  deep_composition_poly_evals     5.00s          14.7%
      R4  queries & openings              4.32s          12.7%
      R4  fri::commit_phase               3.12s           9.2%
      R4  interpolate+evaluate_fft        2.47s           7.3%

  Total FFT                              43.51s  128.0%
  Total Merkle                           11.74s   34.5%
  ──────────────────────────────────────────────────────────
  TOTAL                                  33.99s


=== PROVER TIMING ===
  Phase                                    Wall      %
  ──────────────────────────────────────────────────────────
  Execute                                 0.28s    0.9%
  Trace build                             9.59s   31.2%
  AIR construction                        0.02s    0.1%
  Pre-pass (domains/twiddles)             0.74s    2.4%
  Round 1                                11.00s   35.8%
    Main trace commits                    4.10s          13.3%
      expand_columns_to_lde              12.48s          40.6%
      commit (Merkle)                     0.66s           2.2%
    Aux trace build (parallel)            2.93s           9.5%
    Aux trace commit                      3.97s          12.9%
      expand_columns_to_lde              15.30s          49.8%
      commit (Merkle)                     0.44s           1.4%
  Rounds 2–4                              8.51s   27.7%
      MEMW_R x12          12.1M          26.34s          85.7%
      CPU x8               4.2M          20.82s          67.7%
      BITWISE              1.0M           3.52s          11.5%
      PAGE:0x11000           4K           2.93s           9.5%
      MEMW                    4           2.90s           9.4%
      DVRM                    4           2.87s           9.3%
      REGISTER              128           2.79s           9.1%
      BRANCH               1.0M           2.62s           8.5%
      DECODE                 16           0.95s           3.1%
      COMMIT                  4           0.95s           3.1%
      LT                      8           0.95s           3.1%
      SHIFT                   4           0.95s           3.1%
      LOAD                    4           0.66s           2.2%
      PAGE:0x10000           4K           0.66s           2.1%
      (3 others)                          0.79s           2.6%
      ── sub-operation totals (all tables) ──
      R2  evaluate                       29.96s          97.5%
      R2  decompose_and_extend_d2        10.82s          35.2%
      R2  commit_composition_poly         6.94s          22.6%
      R3  OOD evaluation                  5.78s          18.8%
      R4  queries & openings              5.36s          17.5%
      R4  deep_composition_poly_evals     4.46s          14.5%
      R4  interpolate+evaluate_fft        4.28s          13.9%
      R4  fri::commit_phase               2.56s           8.3%

  Total FFT                              42.88s  139.5%
  Total Merkle                           10.61s   34.5%
  ──────────────────────────────────────────────────────────
  TOTAL                                  30.74s


=== PROVER TIMING ===
  Phase                                    Wall      %
  ──────────────────────────────────────────────────────────
  Execute                                 0.19s    0.7%
  Trace build                             9.13s   31.6%
  AIR construction                        0.02s    0.1%
  Pre-pass (domains/twiddles)             0.45s    1.6%
  Round 1                                10.46s   36.2%
    Main trace commits                    3.88s          13.4%
      expand_columns_to_lde              11.42s          39.5%
      commit (Merkle)                     0.53s           1.8%
    Aux trace build (parallel)            2.72s           9.4%
    Aux trace commit                      3.87s          13.4%
      expand_columns_to_lde              13.36s          46.2%
      commit (Merkle)                     1.43s           5.0%
  Rounds 2–4                              8.05s   27.9%
      MEMW_R x12          12.1M          27.20s          94.1%
      CPU x8               4.2M          18.35s          63.5%
      BITWISE              1.0M           3.05s          10.6%
      BRANCH               1.0M           2.97s          10.3%
      REGISTER              128           2.00s           6.9%
      COMMIT                  4           1.51s           5.2%
      SHIFT                   4           1.15s           4.0%
      DECODE                 16           0.79s           2.7%
      HALT                    1           0.79s           2.7%
      (8 others)                          1.90s           6.6%
      ── sub-operation totals (all tables) ──
      R2  evaluate                       17.40s          60.2%
      R2  decompose_and_extend_d2        11.25s          38.9%
      R3  OOD evaluation                  7.09s          24.5%
      R2  commit_composition_poly         6.63s          22.9%
      R4  queries & openings              5.44s          18.8%
      R4  fri::commit_phase               4.56s          15.8%
      R4  deep_composition_poly_evals     4.43s          15.3%
      R4  interpolate+evaluate_fft        2.61s           9.0%

  Total FFT                              38.65s  133.7%
  Total Merkle                           13.16s   45.5%
  ──────────────────────────────────────────────────────────
  TOTAL                                  28.90s

prove(fib_iterative_4M) [gpu]: 32.304s avg over 3 trials
  GPU LDE calls across 3 proves: 5193
  GPU deep-composition calls: 84
  GPU extend_two_halves calls: 0
  GPU R4 deep-poly LDE calls: 88
  GPU R2 parts LDE calls: 88
  GPU leaf-hash calls: 172
  GPU barycentric OOD calls: 344
  GPU Merkle inner-tree calls: 260
test bench_prove_fib_4m ... ok

test result: ok. 1 passed; 0 failed; 0 ignored; 0 measured; 3 filtered out; finished in 140.78s

