[PROVED      ] A4a LT bound == addr_limb_ok [IS_AFFINE=0, span=31]  bound = 4294967265 = 2^32 − 31; 0.00s
[PROVED      ] A4a LT bound == addr_limb_ok [IS_AFFINE=1, span=63]  bound = 4294967233 = 2^32 − 63; 0.00s
[PROVED      ] A4a linear bound interpolates the two constants  BOUND_32B + a·(BOUND_64B − BOUND_32B) = 4294967265 at a=0, 4294967233 at a=1
[PROVED      ] A4b affine span stays inside the limb  128 touched byte offsets (max +63) all < 2^32 for every accepted addr_lo; 0.01s
[PROVED      ] A4c seven-value band, both modes  32-byte (x-only xG/xR, k): max dword base +24, band size 7 ([2^32−31, 2^32−24]); 64-byte (affine xG‖yG, xR‖yR): max dword base +56, band size 7 ([2^32−63, 2^32−56])
[PROVED      ] A4c band closed by the LT senders  every band address fails `addr_lo < bound` ⇒ the bus now rejects exactly what the executor rejects (the gap `hint.rs` closes for the Hint ecall)
[PROVED      ] A4d k bound flat in both modes  ADDR_K_0 < 4294967265 == addr_limb_ok(addr_k, 31); 0.00s
[PROVED      ] A4e overlap guard == interval disjointness  the u128 clause `k < xg+64 ∧ xg < k+32` is exactly `[xg,xg+64) ∩ [k,k+32) ≠ ∅`; 0.01s
[SAT — FORGES] A4e control [u64 wrap in the overlap guard]  1 reachable addresses in [2^64−64, 2^64) pass addr_limb_ok, wrap the pre-fix `+64`, and slip a TOTAL operand overlap past the guard ⇒ the u128 widening is LOAD-BEARING
[PROVED      ] A4f timestamp layout  slots {'xG read': 0, 'yG read': 0, 'k read': 1, 'xR write': 2, 'yR write': 3} within stride 4; xG@ts and yG@ts are address-disjoint so the same-timestamp reads are legal
[PROVED      ] A4g mode-dependent bound is necessary  a flat 64-byte bound would reject 32 legal x-only addresses (completeness); a flat 32-byte bound would admit 32 illegal affine ones (soundness) ⇒ the IS_AFFINE interpolation is load-bearing in BOTH directions

Summary:
  PROVED         A4a LT bound == addr_limb_ok [IS_AFFINE=0, span=31]
  PROVED         A4a LT bound == addr_limb_ok [IS_AFFINE=1, span=63]
  PROVED         A4a linear bound interpolates the two constants
  PROVED         A4b affine span stays inside the limb
  PROVED         A4c seven-value band, both modes
  PROVED         A4c band closed by the LT senders
  PROVED         A4d k bound flat in both modes
  PROVED         A4e overlap guard == interval disjointness
  SAT — FORGES   A4e control [u64 wrap in the overlap guard]
  PROVED         A4f timestamp layout
  PROVED         A4g mode-dependent bound is necessary
